Microchip MPLAB XC8 Compiler V2.30

Linker command line:

-W-3 --edf=C:\Program Files\Microchip\xc8\v2.30\pic\dat\en_msgs.txt -cn \
  -h+dist/default/production\INTERFACING_PROJECTS.production.sym \
  --cmf=dist/default/production\INTERFACING_PROJECTS.production.cmf -z \
  -Q18F4620 -oC:\Users\ahmed radwan\AppData\Local\Temp\sdnsx2 \
  --defsym=__MPLAB_BUILD=1 \
  -Mdist/default/production/INTERFACING_PROJECTS.production.map -E1 \
  -ver=XC8 Compiler --acfsm=1493 -ASTACK=0EBh-0F7Fh -pstack=STACK \
  -ACODE=00h-0FFFFh -ACONST=00h-0FFFFh -ASMALLCONST=01000h-010FFhx240 \
  -AMEDIUMCONST=01000h-0FFFFh -ACOMRAM=01h-07Fh -AABS1=00h-0F7Fh \
  -ABIGRAM=01h-0F7Fh -ARAM=080h-0FFh,0100h-01FFhx14,0F00h-0F7Fh \
  -ABANK0=080h-0FFh -ABANK1=0100h-01FFh -ABANK2=0200h-02FFh \
  -ABANK3=0300h-03FFh -ABANK4=0400h-04FFh -ABANK5=0500h-05FFh \
  -ABANK6=0600h-06FFh -ABANK7=0700h-07FFh -ABANK8=0800h-08FFh \
  -ABANK9=0900h-09FFh -ABANK10=0A00h-0AFFh -ABANK11=0B00h-0BFFh \
  -ABANK12=0C00h-0CFFh -ABANK13=0D00h-0DFFh -ABANK14=0E00h-0EFFh \
  -ABANK15=0F00h-0F7Fh -ASFR=0F80h-0FFFh -ACONFIG=0300000h-030000Dh \
  -AIDLOC=0200000h-0200007h -AEEDATA=0F00000h-0F003FFh -peeprom_data=EEDATA \
  -preset_vec=00h,intcode=08h,intcodelo,powerup,init -pramtop=01000h \
  -psmallconst=SMALLCONST -pmediumconst=MEDIUMCONST -pconst=CONST \
  -AFARRAM=00h-00h \
  -prdata=COMRAM,nvrram=COMRAM,nvbit=COMRAM,rbss=COMRAM,rbit=COMRAM \
  -pfarbss=FARRAM,fardata=FARRAM,nvFARRAM=FARRAM \
  -pintsave_regs=BIGRAM,bigbss=BIGRAM,bigdata=BIGRAM -pbss=RAM \
  -pidata=CODE,irdata=CODE,ibigdata=CODE,ifardata=CODE -prparam=COMRAM \
  C:\Users\ahmed radwan\AppData\Local\Temp\sdnsx8.o \
  dist/default/production\INTERFACING_PROJECTS.production.o 

Object code version is 3.11

Machine type is 18F4620



                Name                               Link     Load   Length Selector   Space Scale
C:\Users\ahmed radwan\AppData\Local\Temp\sdnsx8.o
                idloc                            200000   200000        8        0       5
                config                           300000   300000        E        0       4
                init                                  E        E        4        4       0
                reset_vec                             0        0        4        0       0
dist/default/production\INTERFACING_PROJECTS.production.o
                intcode                               8        8        6        4       0
                idloc                            200000   200000        8        0       5
                config                           300000   300000        E        0       4
                temp                                 7C       7C        1        1       1
                smallconst                         1000     1000        6      800       0
                text35                             2A5E     2A5E        4     1521       0
                text34                             2A5A     2A5A        4     1521       0
                text33                             2986     2986       1C     1461       0
                text32                             2A56     2A56        4     1521       0
                text31                             2A52     2A52        4     1521       0
                text30                             2A4E     2A4E        4     1521       0
                text29                             2A4A     2A4A        4     1521       0
                text28                             2A46     2A46        4     1521       0
                text27                             2A42     2A42        4     1521       0
                text26                             29F0     29F0       1A     1461       0
                text25                             29D6     29D6       1A     1461       0
                text24                             29BC     29BC       1A     1461       0
                text23                             29A2     29A2       1A     1461       0
                text22                             2A22     2A22        C     1461       0
                text21                             2A16     2A16        C     1461       0
                text20                             2A2E     2A2E        8     1461       0
                text19                             2A0A     2A0A        C     1461       0
                intcode_body                       18F0     18F0      3C6      803       0
                text17                             28FA     28FA       38     1461       0
                text16                             28C2     28C2       38     1461       0
                text15                             2700     2700       68      803       0
                text14                             2768     2768       66      803       0
                text13                             1006     1006      4C0      803       0
                text12                             14C6     14C6      42A      803       0
                text11                             234A     234A      106      803       0
                text10                             2050     2050      1B4      803       0
                text9                              2450     2450       D8      803       0
                text8                              2830     2830       52      803       0
                text7                              1CB6     1CB6      39A      803       0
                text6                              25E2     25E2       B0      803       0
                text5                              2A36     2A36        6     1461       0
                text4                              2932     2932       32     1461       0
                text3                              2204     2204      146      803       0
                text2                              2528     2528       BA      803       0
                text1                              2964     2964       22     1461       0
                text0                              2692     2692       6E      803       0
                cstackCOMRAM                          1        1       51        1       1
                cstackBANK0                          E9       E9        2       80       1
                dataBANK0                            80       80       3F       80       1
                bssBANK0                             BF       BF       2A       80       1
                dataCOMRAM                           77       77        5        1       1
                bssCOMRAM                            52       52       25        1       1
                cinit                              27CE     27CE       62      803       0
                idataBANK0                         2882     2882       3F      803       0
                idataCOMRAM                        2A3C     2A3C        5     1461       0

TOTAL           Name                               Link     Load   Length     Space
        CLASS   STACK          

        CLASS   CODE           
                intcode                               8        8        6         0
                init                                  E        E        4         0
                reset_vec                             0        0        4         0
                text35                             2A5E     2A5E        4         0
                text34                             2A5A     2A5A        4         0
                text33                             2986     2986       1C         0
                text32                             2A56     2A56        4         0
                text31                             2A52     2A52        4         0
                text30                             2A4E     2A4E        4         0
                text29                             2A4A     2A4A        4         0
                text28                             2A46     2A46        4         0
                text27                             2A42     2A42        4         0
                text26                             29F0     29F0       1A         0
                text25                             29D6     29D6       1A         0
                text24                             29BC     29BC       1A         0
                text23                             29A2     29A2       1A         0
                text22                             2A22     2A22        C         0
                text21                             2A16     2A16        C         0
                text20                             2A2E     2A2E        8         0
                text19                             2A0A     2A0A        C         0
                intcode_body                       18F0     18F0      3C6         0
                text17                             28FA     28FA       38         0
                text16                             28C2     28C2       38         0
                text15                             2700     2700       68         0
                text14                             2768     2768       66         0
                text13                             1006     1006      4C0         0
                text12                             14C6     14C6      42A         0
                text11                             234A     234A      106         0
                text10                             2050     2050      1B4         0
                text9                              2450     2450       D8         0
                text8                              2830     2830       52         0
                text7                              1CB6     1CB6      39A         0
                text6                              25E2     25E2       B0         0
                text5                              2A36     2A36        6         0
                text4                              2932     2932       32         0
                text3                              2204     2204      146         0
                text2                              2528     2528       BA         0
                text1                              2964     2964       22         0
                text0                              2692     2692       6E         0
                cinit                              27CE     27CE       62         0
                idataBANK0                         2882     2882       3F         0
                idataCOMRAM                        2A3C     2A3C        5         0

        CLASS   CONST          

        CLASS   SMALLCONST     
                smallconst                         1000     1000        6         0

        CLASS   MEDIUMCONST    

        CLASS   COMRAM         
                temp                                 7C       7C        1         1
                cstackCOMRAM                          1        1       51         1
                dataCOMRAM                           77       77        5         1
                bssCOMRAM                            52       52       25         1

        CLASS   ABS1           

        CLASS   BIGRAM         

        CLASS   RAM            

        CLASS   BANK0          
                cstackBANK0                          E9       E9        2         1
                dataBANK0                            80       80       3F         1
                bssBANK0                             BF       BF       2A         1

        CLASS   BANK1          

        CLASS   BANK2          

        CLASS   BANK3          

        CLASS   BANK4          

        CLASS   BANK5          

        CLASS   BANK6          

        CLASS   BANK7          

        CLASS   BANK8          

        CLASS   BANK9          

        CLASS   BANK10         

        CLASS   BANK11         

        CLASS   BANK12         

        CLASS   BANK13         

        CLASS   BANK14         

        CLASS   BANK15         

        CLASS   SFR            

        CLASS   CONFIG         
                config                           300000   300000        E         4

        CLASS   IDLOC          
                idloc                            200000   200000        8         5

        CLASS   EEDATA         

        CLASS   FARRAM         



SEGMENTS        Name                           Load    Length   Top    Selector   Space  Class

                reset_vec                      000000  000004  000004         0       0  CODE    
                cstackCOMRAM                   000001  00007C  00007D         1       1  COMRAM  
                intcode                        000008  00000A  000012         4       0  CODE    
                dataBANK0                      000080  00006B  0000EB        80       1  BANK0   
                smallconst                     001000  000006  001006       800       0  SMALLCON
                text13                         001006  0018BB  0028C1       803       0  CODE    
                text16                         0028C2  00017F  002A41      1461       0  CODE    
                text27                         002A42  000020  002A62      1521       0  CODE    


UNUSED ADDRESS RANGES

        Name                Unused          Largest block    Delta
        BANK0            0000EB-0000FF               15
        BANK1            000100-0001FF              100
        BANK10           000A00-000AFF              100
        BANK11           000B00-000BFF              100
        BANK12           000C00-000CFF              100
        BANK13           000D00-000DFF              100
        BANK14           000E00-000EFF              100
        BANK15           000F00-000F7F               80
        BANK2            000200-0002FF              100
        BANK3            000300-0003FF              100
        BANK4            000400-0004FF              100
        BANK5            000500-0005FF              100
        BANK6            000600-0006FF              100
        BANK7            000700-0007FF              100
        BANK8            000800-0008FF              100
        BANK9            000900-0009FF              100
        BIGRAM           00007D-00007F                3
                         0000EB-000F7F              E95
        CODE             000004-000007                4
                         000012-000FFF              FEE
                         0028C1-0028C1                1
                         002A41-002A41                1
                         002A62-00FFFF             D59E
        COMRAM           00007D-00007F                3
        CONST            000004-000007                4
                         000012-000FFF              FEE
                         0028C1-0028C1                1
                         002A41-002A41                1
                         002A62-00FFFF             D59E
        EEDATA           F00000-F003FF              400
        MEDIUMCONST      0028C1-0028C1                1
                         002A41-002A41                1
                         002A62-00FFFF             D59E
        RAM              0000EB-000F7F              100
        SFR              000F80-000FFF               80
        SMALLCONST       0028C1-0028C1                1
                         002A41-002A41                1
                         002A62-00FFFF              100
        STACK            0000EB-000F7F              E95

                                  Symbol Table

?___fladd                                      cstackCOMRAM 00002A
?___fldiv                                      cstackCOMRAM 000011
?___flmul                                      cstackCOMRAM 000011
?___fltol                                      cstackCOMRAM 00003A
?___xxtofl                                     cstackCOMRAM 000003
CCP1_Compare_Mode_Set_Value@F3194              bssCOMRAM    000066
I2C_Interrupt_configuration@i2c_obj            cstackCOMRAM 000003
I2C_Master_Mode_Clock_Configurations@i2c_obj   cstackCOMRAM 000044
I2C_Slave_Mode_Clock_Configurations@i2c_obj    cstackCOMRAM 000003
MSSP_I2C_Init@i2c_obj                          cstackCOMRAM 000048
MSSP_I2C_Master_Send_Start@i2c_obj             cstackCOMRAM 000003
MSSP_I2C_Master_Send_Stop@i2c_obj              cstackCOMRAM 000003
MSSP_I2C_Master_Write_Blocking@_ack            cstackCOMRAM 000006
MSSP_I2C_Master_Write_Blocking@i2c_data        cstackCOMRAM 000005
MSSP_I2C_Master_Write_Blocking@i2c_obj         cstackCOMRAM 000003
PCA_Write_Reg@ack                              cstackCOMRAM 00000E
PCA_Write_Reg@data                             cstackCOMRAM 00000D
PCA_Write_Reg@i2c_obj                          cstackCOMRAM 000009
PCA_Write_Reg@reg_address                      cstackCOMRAM 00000C
PCA_Write_Reg@slave_address                    cstackCOMRAM 00000B
RB4_ISR@RB4_source                             cstackCOMRAM 000001
RB5_ISR@RB5_source                             cstackCOMRAM 000001
RB6_ISR@RB6_source                             cstackCOMRAM 000001
RB7_ISR@RB7_source                             cstackCOMRAM 000001
ServoDriver_Init@i2c_obj                       cstackCOMRAM 00004B
ServoDriver_Init@servo_driver_obj              cstackCOMRAM 00004D
Servo_SetAngle@angle                           cstackCOMRAM 000049
Servo_SetAngle@angle_in_reg                    cstackCOMRAM 00004B
Servo_SetAngle@i2c_obj                         cstackCOMRAM 000044
Servo_SetAngle@reg_addrees                     cstackCOMRAM 00004D
Servo_SetAngle@servo_driver_obj                cstackCOMRAM 000046
Servo_SetAngle@servo_no                        cstackCOMRAM 000048
_ADCON0bits                                    (abs)        000FC2
_ADCON1bits                                    (abs)        000FC1
_ADCON2bits                                    (abs)        000FC0
_ADC_ISR                                       text35       002A5E
_ADC_Interrupt_Handler                         bssCOMRAM    00006A
_ADRESH                                        (abs)        000FC4
_ADRESL                                        (abs)        000FC3
_BAUDCONbits                                   (abs)        000FB8
_CCP1CONbits                                   (abs)        000FBD
_CCP1_ISR                                      text34       002A5A
_CCP1_InterruptHandler                         bssCOMRAM    000068
_CCPR1H                                        (abs)        000FBF
_CCPR1L                                        (abs)        000FBE
_EEADR                                         (abs)        000FA9
_EEADRH                                        (abs)        000FAA
_EECON1bits                                    (abs)        000FA6
_EECON2                                        (abs)        000FA7
_EEDATA                                        (abs)        000FA8
_EUSART_RX_ISR                                 text33       002986
_EUSART_RX_Interrupt_Handler                   bssBANK0     0000CF
_EUSART_RX__Framing_Interrupt_Handler          bssBANK0     0000CD
_EUSART_RX__Overrun_Interrupt_Handler          bssBANK0     0000CB
_EUSART_TX_ISR                                 text32       002A56
_EUSART_TX_Interrupt_Handler                   bssBANK0     0000D1
_I2C_BC_ISR                                    text31       002A52
_I2C_DefaultInterruptHandler                   bssCOMRAM    000064
_I2C_ISR                                       text30       002A4E
_I2C_Interrupt_configuration                   text8        002830
_I2C_Master_Mode_Clock_Configurations          text6        0025E2
_I2C_Pin_Configurations                        text5        002A36
_I2C_Report_Receive_Overflow                   bssBANK0     0000E7
_I2C_Report_Write_Collision                    bssCOMRAM    000062
_I2C_Slave_Mode_Clock_Configurations           text4        002932
_INT0_ISR                                      text29       002A4A
_INT0_Interrupt_Handler                        bssCOMRAM    000060
_INT1_ISR                                      text28       002A46
_INT1_Interrupt_Handler                        bssCOMRAM    00005E
_INT2_ISR                                      text27       002A42
_INT2_Interrupt_Handler                        bssCOMRAM    00005C
_INTCON2bits                                   (abs)        000FF1
_INTCON3bits                                   (abs)        000FF0
_INTCONbits                                    (abs)        000FF2
_Interrupt_Manager                             intcode      000008
_LATA                                          (abs)        000F89
_LATB                                          (abs)        000F8A
_LATC                                          (abs)        000F8B
_LATD                                          (abs)        000F8C
_LATE                                          (abs)        000F8D
_MSSP_I2C_Init                                 text3        002204
_MSSP_I2C_Master_Send_Start                    text17       0028FA
_MSSP_I2C_Master_Send_Stop                     text16       0028C2
_MSSP_I2C_Master_Write_Blocking                text15       002700
_PCA_Write_Reg                                 text14       002768
_PIE1bits                                      (abs)        000F9D
_PIE2bits                                      (abs)        000FA0
_PIR1bits                                      (abs)        000F9E
_PIR2bits                                      (abs)        000FA1
_PORTA                                         (abs)        000F80
_PORTB                                         (abs)        000F81
_PORTBbits                                     (abs)        000F81
_PORTC                                         (abs)        000F82
_PORTD                                         (abs)        000F83
_PORTE                                         (abs)        000F84
_RB4_ISR                                       text26       0029F0
_RB4_Interrupt_Handler_High                    bssCOMRAM    000058
_RB4_Interrupt_Handler_Low                     bssCOMRAM    00005A
_RB4_flag                                      dataCOMRAM   00007A
_RB5_ISR                                       text25       0029D6
_RB5_Interrupt_Handler_High                    bssBANK0     0000E3
_RB5_Interrupt_Handler_Low                     bssBANK0     0000E5
_RB5_flag                                      dataCOMRAM   000079
_RB6_ISR                                       text24       0029BC
_RB6_Interrupt_Handler_High                    bssBANK0     0000DF
_RB6_Interrupt_Handler_Low                     bssBANK0     0000E1
_RB6_flag                                      dataCOMRAM   000078
_RB7_ISR                                       text23       0029A2
_RB7_Interrupt_Handler_High                    bssBANK0     0000DB
_RB7_Interrupt_Handler_Low                     bssBANK0     0000DD
_RB7_flag                                      dataCOMRAM   000077
_RCREG                                         (abs)        000FAE
_RCSTAbits                                     (abs)        000FAB
_SPBRG                                         (abs)        000FAF
_SPBRGH                                        (abs)        000FB0
_SSPADD                                        (abs)        000FC8
_SSPBUF                                        (abs)        000FC9
_SSPCON1bits                                   (abs)        000FC6
_SSPCON2bits                                   (abs)        000FC5
_SSPSTATbits                                   (abs)        000FC7
_ServoDriver_Init                              text2        002528
_Servo_SetAngle                                text9        002450
_T0CONbits                                     (abs)        000FD5
_T1CONbits                                     (abs)        000FCD
_T2CONbits                                     (abs)        000FCA
_T3CONbits                                     (abs)        000FB1
_TMR0H                                         (abs)        000FD7
_TMR0L                                         (abs)        000FD6
_TMR0_ISR                                      text22       002A22
_TMR1H                                         (abs)        000FCF
_TMR1L                                         (abs)        000FCE
_TMR1_ISR                                      text21       002A16
_TMR2                                          (abs)        000FCC
_TMR2_ISR                                      text20       002A2E
_TMR3H                                         (abs)        000FB3
_TMR3L                                         (abs)        000FB2
_TMR3_ISR                                      text19       002A0A
_TRISA                                         (abs)        000F92
_TRISB                                         (abs)        000F93
_TRISC                                         (abs)        000F94
_TRISCbits                                     (abs)        000F94
_TRISD                                         (abs)        000F95
_TRISE                                         (abs)        000F96
_TXREG                                         (abs)        000FAD
_TXSTA1bits                                    (abs)        000FAC
_TXSTAbits                                     (abs)        000FAC
_Timer0_Interrupt_Handler                      bssBANK0     0000D9
_Timer0_PreLoaded_Value_Store                  bssCOMRAM    000056
_Timer1_Interrupt_Handler                      bssBANK0     0000D7
_Timer1_PreLoaded_Value_Store                  bssCOMRAM    000054
_Timer2_Interrupt_Handler                      bssBANK0     0000D5
_Timer2_PreLoaded_Value_Store                  bssCOMRAM    00006F
_Timer3_Interrupt_Handler                      bssBANK0     0000D3
_Timer3_PreLoaded_Value_Store                  bssCOMRAM    000052
__HRAM                                         (abs)        000000
__Habs1                                        abs1         000000
__Hbank0                                       bank0        000000
__Hbank1                                       bank1        000000
__Hbank10                                      bank10       000000
__Hbank11                                      bank11       000000
__Hbank12                                      bank12       000000
__Hbank13                                      bank13       000000
__Hbank14                                      bank14       000000
__Hbank15                                      bank15       000000
__Hbank2                                       bank2        000000
__Hbank3                                       bank3        000000
__Hbank4                                       bank4        000000
__Hbank5                                       bank5        000000
__Hbank6                                       bank6        000000
__Hbank7                                       bank7        000000
__Hbank8                                       bank8        000000
__Hbank9                                       bank9        000000
__Hbigbss                                      bigbss       000000
__Hbigdata                                     bigdata      000000
__Hbigram                                      bigram       000000
__Hbss                                         bss          000000
__HbssBANK0                                    bssBANK0     000000
__HbssCOMRAM                                   bssCOMRAM    000000
__Hcinit                                       cinit        000000
__Hclrtext                                     clrtext      000000
__Hcomram                                      comram       000000
__Hconfig                                      config       30000E
__Hconst                                       const        000000
__HcstackBANK0                                 cstackBANK0  000000
__HcstackCOMRAM                                cstackCOMRAM 000000
__Hdata                                        data         000000
__HdataBANK0                                   dataBANK0    000000
__HdataCOMRAM                                  dataCOMRAM   000000
__Heeprom_data                                 eeprom_data  000000
__Hfarbss                                      farbss       000000
__Hfardata                                     fardata      000000
__Hibigdata                                    ibigdata     000000
__Hidata                                       idata        000000
__HidataBANK0                                  idataBANK0   000000
__HidataCOMRAM                                 idataCOMRAM  000000
__Hidloc                                       idloc        200008
__Hifardata                                    ifardata     000000
__Hinit                                        init         000012
__Hintcode                                     intcode      00000E
__Hintcode_body                                intcode_body 000000
__Hintcodelo                                   intcodelo    00000E
__Hintentry                                    intentry     000000
__Hintret                                      intret       000000
__Hintsave_regs                                intsave_regs 000000
__Hirdata                                      irdata       000000
__Hmediumconst                                 mediumconst  000000
__HnvFARRAM                                    nvFARRAM     000000
__Hnvbit                                       nvbit        000000
__Hnvrram                                      nvrram       000000
__Hparam                                       rparam       000000
__Hpowerup                                     powerup      00000E
__Hram                                         ram          000000
__Hramtop                                      ramtop       001000
__Hrbit                                        rbit         000000
__Hrbss                                        rbss         000000
__Hrdata                                       rdata        000000
__Hreset_vec                                   reset_vec    000004
__Hrparam                                      rparam       000000
__Hsfr                                         sfr          000000
__Hsmallconst                                  smallconst   001006
__Hspace_0                                     (abs)        002A62
__Hspace_1                                     (abs)        0000EB
__Hspace_2                                     (abs)        000000
__Hspace_4                                     (abs)        60000E
__Hstack                                       stack        000000
__Hstruct                                      struct       000000
__Htemp                                        temp         00007D
__Htext                                        text         000000
__Htext0                                       text0        000000
__Htext1                                       text1        000000
__Htext10                                      text10       000000
__Htext11                                      text11       000000
__Htext12                                      text12       000000
__Htext13                                      text13       000000
__Htext14                                      text14       000000
__Htext15                                      text15       000000
__Htext16                                      text16       000000
__Htext17                                      text17       000000
__Htext19                                      text19       000000
__Htext2                                       text2        000000
__Htext20                                      text20       000000
__Htext21                                      text21       000000
__Htext22                                      text22       000000
__Htext23                                      text23       000000
__Htext24                                      text24       000000
__Htext25                                      text25       000000
__Htext26                                      text26       000000
__Htext27                                      text27       000000
__Htext28                                      text28       000000
__Htext29                                      text29       000000
__Htext3                                       text3        000000
__Htext30                                      text30       000000
__Htext31                                      text31       000000
__Htext32                                      text32       000000
__Htext33                                      text33       000000
__Htext34                                      text34       000000
__Htext35                                      text35       000000
__Htext4                                       text4        000000
__Htext5                                       text5        000000
__Htext6                                       text6        000000
__Htext7                                       text7        000000
__Htext8                                       text8        000000
__Htext9                                       text9        000000
__LRAM                                         (abs)        000001
__Labs1                                        abs1         000000
__Lbank0                                       bank0        000000
__Lbank1                                       bank1        000000
__Lbank10                                      bank10       000000
__Lbank11                                      bank11       000000
__Lbank12                                      bank12       000000
__Lbank13                                      bank13       000000
__Lbank14                                      bank14       000000
__Lbank15                                      bank15       000000
__Lbank2                                       bank2        000000
__Lbank3                                       bank3        000000
__Lbank4                                       bank4        000000
__Lbank5                                       bank5        000000
__Lbank6                                       bank6        000000
__Lbank7                                       bank7        000000
__Lbank8                                       bank8        000000
__Lbank9                                       bank9        000000
__Lbigbss                                      bigbss       000000
__Lbigdata                                     bigdata      000000
__Lbigram                                      bigram       000000
__Lbss                                         bss          000000
__LbssBANK0                                    bssBANK0     000000
__LbssCOMRAM                                   bssCOMRAM    000000
__Lcinit                                       cinit        000000
__Lclrtext                                     clrtext      000000
__Lcomram                                      comram       000000
__Lconfig                                      config       000000
__Lconst                                       const        000000
__LcstackBANK0                                 cstackBANK0  000000
__LcstackCOMRAM                                cstackCOMRAM 000000
__Ldata                                        data         000000
__LdataBANK0                                   dataBANK0    000000
__LdataCOMRAM                                  dataCOMRAM   000000
__Leeprom_data                                 eeprom_data  000000
__Lfarbss                                      farbss       000000
__Lfardata                                     fardata      000000
__Libigdata                                    ibigdata     000000
__Lidata                                       idata        000000
__LidataBANK0                                  idataBANK0   000000
__LidataCOMRAM                                 idataCOMRAM  000000
__Lidloc                                       idloc        000000
__Lifardata                                    ifardata     000000
__Linit                                        init         00000E
__Lintcode                                     intcode      000008
__Lintcode_body                                intcode_body 000000
__Lintcodelo                                   intcodelo    00000E
__Lintentry                                    intentry     000000
__Lintret                                      intret       000000
__Lintsave_regs                                intsave_regs 000000
__Lirdata                                      irdata       000000
__Lmediumconst                                 mediumconst  000000
__LnvFARRAM                                    nvFARRAM     000000
__Lnvbit                                       nvbit        000000
__Lnvrram                                      nvrram       000000
__Lparam                                       rparam       000000
__Lpowerup                                     powerup      00000E
__Lram                                         ram          000000
__Lramtop                                      ramtop       001000
__Lrbit                                        rbit         000000
__Lrbss                                        rbss         000000
__Lrdata                                       rdata        000000
__Lreset_vec                                   reset_vec    000000
__Lrparam                                      rparam       000000
__Lsfr                                         sfr          000000
__Lsmallconst                                  smallconst   001000
__Lspace_0                                     (abs)        000000
__Lspace_1                                     (abs)        000000
__Lspace_2                                     (abs)        000000
__Lspace_4                                     (abs)        000000
__Lstack                                       stack        000000
__Lstruct                                      struct       000000
__Ltemp                                        temp         00007C
__Ltext                                        text         000000
__Ltext0                                       text0        000000
__Ltext1                                       text1        000000
__Ltext10                                      text10       000000
__Ltext11                                      text11       000000
__Ltext12                                      text12       000000
__Ltext13                                      text13       000000
__Ltext14                                      text14       000000
__Ltext15                                      text15       000000
__Ltext16                                      text16       000000
__Ltext17                                      text17       000000
__Ltext19                                      text19       000000
__Ltext2                                       text2        000000
__Ltext20                                      text20       000000
__Ltext21                                      text21       000000
__Ltext22                                      text22       000000
__Ltext23                                      text23       000000
__Ltext24                                      text24       000000
__Ltext25                                      text25       000000
__Ltext26                                      text26       000000
__Ltext27                                      text27       000000
__Ltext28                                      text28       000000
__Ltext29                                      text29       000000
__Ltext3                                       text3        000000
__Ltext30                                      text30       000000
__Ltext31                                      text31       000000
__Ltext32                                      text32       000000
__Ltext33                                      text33       000000
__Ltext34                                      text34       000000
__Ltext35                                      text35       000000
__Ltext4                                       text4        000000
__Ltext5                                       text5        000000
__Ltext6                                       text6        000000
__Ltext7                                       text7        000000
__Ltext8                                       text8        000000
__Ltext9                                       text9        000000
__S0                                           (abs)        002A62
__S1                                           (abs)        0000EB
__S2                                           (abs)        000000
__S4                                           (abs)        000000
__S5                                           (abs)        000000
___fladd                                       text13       001006
___fladd@a                                     cstackCOMRAM 00002E
___fladd@aexp                                  cstackCOMRAM 000037
___fladd@b                                     cstackCOMRAM 00002A
___fladd@bexp                                  cstackCOMRAM 000038
___fladd@grs                                   cstackCOMRAM 000039
___fladd@signs                                 cstackCOMRAM 000036
___fldiv                                       text7        001CB6
___fldiv@a                                     cstackCOMRAM 000015
___fldiv@aexp                                  cstackCOMRAM 000029
___fldiv@b                                     cstackCOMRAM 000011
___fldiv@bexp                                  cstackCOMRAM 000028
___fldiv@grs                                   cstackCOMRAM 000024
___fldiv@new_exp                               cstackCOMRAM 000022
___fldiv@rem                                   cstackCOMRAM 00001D
___fldiv@sign                                  cstackCOMRAM 000021
___flmul                                       text12       0014C6
___flmul@a                                     cstackCOMRAM 000015
___flmul@aexp                                  cstackCOMRAM 00001E
___flmul@b                                     cstackCOMRAM 000011
___flmul@bexp                                  cstackCOMRAM 000023
___flmul@grs                                   cstackCOMRAM 00001F
___flmul@prod                                  cstackCOMRAM 000024
___flmul@sign                                  cstackCOMRAM 00001D
___flmul@temp                                  cstackCOMRAM 000028
___fltol                                       text11       00234A
___fltol@exp1                                  cstackCOMRAM 000043
___fltol@f1                                    cstackCOMRAM 00003A
___fltol@sign1                                 cstackCOMRAM 000042
___inthi_sp                                    stack        000000
___intlo_sp                                    stack        000000
___param_bank                                  (abs)        000000
___rparam_used                                 (abs)        000001
___sp                                          stack        000000
___xxtofl                                      text10       002050
___xxtofl@arg                                  cstackCOMRAM 00000D
___xxtofl@exp                                  cstackCOMRAM 00000C
___xxtofl@sign                                 cstackCOMRAM 00000B
___xxtofl@val                                  cstackCOMRAM 000003
__accesstop                                    (abs)        000080
__activetblptr                                 (abs)        000003
__end_of_ADC_ISR                               text35       002A62
__end_of_CCP1_ISR                              text34       002A5E
__end_of_EUSART_RX_ISR                         text33       0029A2
__end_of_EUSART_TX_ISR                         text32       002A5A
__end_of_I2C_BC_ISR                            text31       002A56
__end_of_I2C_ISR                               text30       002A52
__end_of_I2C_Interrupt_configuration           text8        002882
__end_of_I2C_Master_Mode_Clock_Configurations  text6        002692
__end_of_I2C_Pin_Configurations                text5        002A3C
__end_of_I2C_Slave_Mode_Clock_Configurations   text4        002964
__end_of_INT0_ISR                              text29       002A4E
__end_of_INT1_ISR                              text28       002A4A
__end_of_INT2_ISR                              text27       002A46
__end_of_Interrupt_Manager                     intcode_body 001CB6
__end_of_MSSP_I2C_Init                         text3        00234A
__end_of_MSSP_I2C_Master_Send_Start            text17       002932
__end_of_MSSP_I2C_Master_Send_Stop             text16       0028FA
__end_of_MSSP_I2C_Master_Write_Blocking        text15       002768
__end_of_PCA_Write_Reg                         text14       0027CE
__end_of_RB4_ISR                               text26       002A0A
__end_of_RB5_ISR                               text25       0029F0
__end_of_RB6_ISR                               text24       0029D6
__end_of_RB7_ISR                               text23       0029BC
__end_of_ServoDriver_Init                      text2        0025E2
__end_of_Servo_SetAngle                        text9        002528
__end_of_TMR0_ISR                              text22       002A2E
__end_of_TMR1_ISR                              text21       002A22
__end_of_TMR2_ISR                              text20       002A36
__end_of_TMR3_ISR                              text19       002A16
__end_of___fladd                               text13       0014C6
__end_of___fldiv                               text7        002050
__end_of___flmul                               text12       0018F0
__end_of___fltol                               text11       002450
__end_of___xxtofl                              text10       002204
__end_of__initialization                       cinit        002826
__end_of_application_intialize                 text1        002986
__end_of_main                                  text0        002700
__initialization                               cinit        0027CE
__mediumconst                                  mediumconst  000000
__pbssBANK0                                    bssBANK0     0000BF
__pbssCOMRAM                                   bssCOMRAM    000052
__pcinit                                       cinit        0027CE
__pcstackBANK0                                 cstackBANK0  0000E9
__pcstackCOMRAM                                cstackCOMRAM 000001
__pdataBANK0                                   dataBANK0    000080
__pdataCOMRAM                                  dataCOMRAM   000077
__pidataBANK0                                  idataBANK0   002882
__pidataCOMRAM                                 idataCOMRAM  002A3C
__pintcode                                     intcode      000008
__pintcode_body                                intcode_body 0018F0
__psmallconst                                  smallconst   001000
__ptext0                                       text0        002692
__ptext1                                       text1        002964
__ptext10                                      text10       002050
__ptext11                                      text11       00234A
__ptext12                                      text12       0014C6
__ptext13                                      text13       001006
__ptext14                                      text14       002768
__ptext15                                      text15       002700
__ptext16                                      text16       0028C2
__ptext17                                      text17       0028FA
__ptext19                                      text19       002A0A
__ptext2                                       text2        002528
__ptext20                                      text20       002A2E
__ptext21                                      text21       002A16
__ptext22                                      text22       002A22
__ptext23                                      text23       0029A2
__ptext24                                      text24       0029BC
__ptext25                                      text25       0029D6
__ptext26                                      text26       0029F0
__ptext27                                      text27       002A42
__ptext28                                      text28       002A46
__ptext29                                      text29       002A4A
__ptext3                                       text3        002204
__ptext30                                      text30       002A4E
__ptext31                                      text31       002A52
__ptext32                                      text32       002A56
__ptext33                                      text33       002986
__ptext34                                      text34       002A5A
__ptext35                                      text35       002A5E
__ptext4                                       text4        002932
__ptext5                                       text5        002A36
__ptext6                                       text6        0025E2
__ptext7                                       text7        001CB6
__ptext8                                       text8        002830
__ptext9                                       text9        002450
__ramtop                                       ramtop       001000
__size_of_ADC_ISR                              (abs)        000000
__size_of_CCP1_ISR                             (abs)        000000
__size_of_EUSART_RX_ISR                        (abs)        000000
__size_of_EUSART_TX_ISR                        (abs)        000000
__size_of_I2C_BC_ISR                           (abs)        000000
__size_of_I2C_ISR                              (abs)        000000
__size_of_I2C_Interrupt_configuration          (abs)        000000
__size_of_I2C_Master_Mode_Clock_Configurations (abs)        000000
__size_of_I2C_Pin_Configurations               (abs)        000000
__size_of_I2C_Slave_Mode_Clock_Configurations  (abs)        000000
__size_of_INT0_ISR                             (abs)        000000
__size_of_INT1_ISR                             (abs)        000000
__size_of_INT2_ISR                             (abs)        000000
__size_of_Interrupt_Manager                    (abs)        000000
__size_of_MSSP_I2C_Init                        (abs)        000000
__size_of_MSSP_I2C_Master_Send_Start           (abs)        000000
__size_of_MSSP_I2C_Master_Send_Stop            (abs)        000000
__size_of_MSSP_I2C_Master_Write_Blocking       (abs)        000000
__size_of_PCA_Write_Reg                        (abs)        000000
__size_of_RB4_ISR                              (abs)        000000
__size_of_RB5_ISR                              (abs)        000000
__size_of_RB6_ISR                              (abs)        000000
__size_of_RB7_ISR                              (abs)        000000
__size_of_ServoDriver_Init                     (abs)        000000
__size_of_Servo_SetAngle                       (abs)        000000
__size_of_TMR0_ISR                             (abs)        000000
__size_of_TMR1_ISR                             (abs)        000000
__size_of_TMR2_ISR                             (abs)        000000
__size_of_TMR3_ISR                             (abs)        000000
__size_of___fladd                              (abs)        000000
__size_of___fldiv                              (abs)        000000
__size_of___flmul                              (abs)        000000
__size_of___fltol                              (abs)        000000
__size_of___xxtofl                             (abs)        000000
__size_of_application_intialize                (abs)        000000
__size_of_main                                 (abs)        000000
__smallconst                                   smallconst   001000
_ack                                           dataCOMRAM   00007B
_angle                                         bssCOMRAM    00006D
_application_intialize                         text1        002964
_i                                             bssBANK0     0000C9
_i2c_obj                                       dataBANK0    0000AE
_keypad_matrix                                 dataBANK0    000080
_lat_registers                                 dataBANK0    00009A
_main                                          text0        002692
_master_counter                                bssBANK0     0000C5
_port_registers                                dataBANK0    000090
_s1_obj                                        dataBANK0    0000BB
_slave_address                                 bssCOMRAM    00006E
_storedata                                     bssCOMRAM    00006C
_tris_registers                                dataBANK0    0000A4
btemp                                          temp         00007C
end_of_initialization                          cinit        002826
int$flags                                      temp         00007C
int_func                                       intcode_body 0018F0
intlevel0                                      text         000000
intlevel1                                      text         000000
intlevel2                                      text         000000
intlevel3                                      text         000000
led_initialize@F3038                           bssCOMRAM    000076
led_turn_off@F3048                             bssCOMRAM    000074
led_turn_on@F3043                              bssCOMRAM    000075
led_turn_toggle@F3053                          bssCOMRAM    000073
main@i                                         cstackBANK0  0000E9
relay_initialize@F3036                         bssCOMRAM    000072
relay_turn_off@F3046                           bssCOMRAM    000070
relay_turn_on@F3041                            bssCOMRAM    000071
stackhi                                        (abs)        000F7F
stacklo                                        (abs)        0000EB
start                                          init         00000E
start_initialization                           cinit        0027CE
ttemp5                                         temp         00007D
ttemp6                                         temp         000080
ttemp7                                         temp         000084
wtemp8                                         temp         00007D


FUNCTION INFORMATION:

 *************** function _main *****************
 Defined at:
		line 50 in file "application.c"
 Parameters:    Size  Location     Type
		None
 Auto vars:     Size  Location     Type
  i               2    0[BANK0 ] int 
 Return value:  Size  Location     Type
                  2  1632[None  ] int 
 Registers used:
		wreg, fsr2l, fsr2h, status,2, status,0, prodl, prodh, cstack
 Tracked objects:
		On entry : 
		On exit  : 
		Unchanged: 
 Data sizes:     COMRAM   BANK0   BANK1   BANK2   BANK3   BANK4   BANK5   BANK6   BANK7   BANK8   BANK9  BANK10  BANK11  BANK12  BANK13  BANK14  BANK15
      Params:         0       0       0       0       0       0       0       0       0       0       0       0       0       0       0       0       0
      Locals:         0       2       0       0       0       0       0       0       0       0       0       0       0       0       0       0       0
      Temps:          2       0       0       0       0       0       0       0       0       0       0       0       0       0       0       0       0
      Totals:         2       2       0       0       0       0       0       0       0       0       0       0       0       0       0       0       0
Total ram usage:        4 bytes
 Hardware stack levels required when called:    7
 This function calls:
		_Servo_SetAngle
		_application_intialize
 This function is called by:
		Startup code after reset
 This function uses a non-reentrant model


 *************** function _application_intialize *****************
 Defined at:
		line 89 in file "application.c"
 Parameters:    Size  Location     Type
		None
 Auto vars:     Size  Location     Type
		None
 Return value:  Size  Location     Type
                  1    wreg      void 
 Registers used:
		wreg, fsr2l, fsr2h, status,2, status,0, cstack
 Tracked objects:
		On entry : 
		On exit  : 
		Unchanged: 
 Data sizes:     COMRAM   BANK0   BANK1   BANK2   BANK3   BANK4   BANK5   BANK6   BANK7   BANK8   BANK9  BANK10  BANK11  BANK12  BANK13  BANK14  BANK15
      Params:         0       0       0       0       0       0       0       0       0       0       0       0       0       0       0       0       0
      Locals:         0       0       0       0       0       0       0       0       0       0       0       0       0       0       0       0       0
      Temps:          0       0       0       0       0       0       0       0       0       0       0       0       0       0       0       0       0
      Totals:         0       0       0       0       0       0       0       0       0       0       0       0       0       0       0       0       0
Total ram usage:        0 bytes
 Hardware stack levels used:    1
 Hardware stack levels required when called:    6
 This function calls:
		_MSSP_I2C_Init
		_ServoDriver_Init
 This function is called by:
		_main
 This function uses a non-reentrant model


 *************** function _ServoDriver_Init *****************
 Defined at:
		line 13 in file "ECU/SERVO_MOTOR_I2C/ecu_servo_motor_i2c.c"
 Parameters:    Size  Location     Type
  i2c_obj         2   74[COMRAM] PTR const struct .
		 -> i2c_obj(13), 
  servo_driver    2   76[COMRAM] PTR const struct .
		 -> s1_obj(4), 
 Auto vars:     Size  Location     Type
  ERRORSTATUS     1    0        unsigned char 
 Return value:  Size  Location     Type
                  1    wreg      unsigned char 
 Registers used:
		wreg, fsr2l, fsr2h, status,2, status,0, cstack
 Tracked objects:
		On entry : 
		On exit  : 
		Unchanged: 
 Data sizes:     COMRAM   BANK0   BANK1   BANK2   BANK3   BANK4   BANK5   BANK6   BANK7   BANK8   BANK9  BANK10  BANK11  BANK12  BANK13  BANK14  BANK15
      Params:         4       0       0       0       0       0       0       0       0       0       0       0       0       0       0       0       0
      Locals:         1       0       0       0       0       0       0       0       0       0       0       0       0       0       0       0       0
      Temps:          0       0       0       0       0       0       0       0       0       0       0       0       0       0       0       0       0
      Totals:         5       0       0       0       0       0       0       0       0       0       0       0       0       0       0       0       0
Total ram usage:        5 bytes
 Hardware stack levels used:    1
 Hardware stack levels required when called:    5
 This function calls:
		_MSSP_I2C_Init
		_PCA_Write_Reg
 This function is called by:
		_application_intialize
 This function uses a non-reentrant model


 *************** function _MSSP_I2C_Init *****************
 Defined at:
		line 23 in file "MCAL/I2C/mcal_i2c.c"
 Parameters:    Size  Location     Type
  i2c_obj         2   71[COMRAM] PTR const struct .
		 -> i2c_obj(13), 
 Auto vars:     Size  Location     Type
  ERRORSTATUS     1    0        unsigned char 
 Return value:  Size  Location     Type
                  1    wreg      unsigned char 
 Registers used:
		wreg, fsr2l, fsr2h, status,2, status,0, cstack
 Tracked objects:
		On entry : 
		On exit  : 
		Unchanged: 
 Data sizes:     COMRAM   BANK0   BANK1   BANK2   BANK3   BANK4   BANK5   BANK6   BANK7   BANK8   BANK9  BANK10  BANK11  BANK12  BANK13  BANK14  BANK15
      Params:         2       0       0       0       0       0       0       0       0       0       0       0       0       0       0       0       0
      Locals:         1       0       0       0       0       0       0       0       0       0       0       0       0       0       0       0       0
      Temps:          0       0       0       0       0       0       0       0       0       0       0       0       0       0       0       0       0
      Totals:         3       0       0       0       0       0       0       0       0       0       0       0       0       0       0       0       0
Total ram usage:        3 bytes
 Hardware stack levels used:    1
 Hardware stack levels required when called:    4
 This function calls:
		_I2C_Interrupt_configuration
		_I2C_Master_Mode_Clock_Configurations
		_I2C_Pin_Configurations
		_I2C_Slave_Mode_Clock_Configurations
 This function is called by:
		_ServoDriver_Init
		_application_intialize
 This function uses a non-reentrant model


 *************** function _I2C_Slave_Mode_Clock_Configurations *****************
 Defined at:
		line 325 in file "MCAL/I2C/mcal_i2c.c"
 Parameters:    Size  Location     Type
  i2c_obj         2    2[COMRAM] PTR const struct .
		 -> i2c_obj(13), 
 Auto vars:     Size  Location     Type
  ERRORSTATUS     1    0        unsigned char 
 Return value:  Size  Location     Type
                  1    wreg      void 
 Registers used:
		wreg, fsr2l, fsr2h, status,2, status,0
 Tracked objects:
		On entry : 
		On exit  : 
		Unchanged: 
 Data sizes:     COMRAM   BANK0   BANK1   BANK2   BANK3   BANK4   BANK5   BANK6   BANK7   BANK8   BANK9  BANK10  BANK11  BANK12  BANK13  BANK14  BANK15
      Params:         2       0       0       0       0       0       0       0       0       0       0       0       0       0       0       0       0
      Locals:         1       0       0       0       0       0       0       0       0       0       0       0       0       0       0       0       0
      Temps:          1       0       0       0       0       0       0       0       0       0       0       0       0       0       0       0       0
      Totals:         4       0       0       0       0       0       0       0       0       0       0       0       0       0       0       0       0
Total ram usage:        4 bytes
 Hardware stack levels used:    1
 Hardware stack levels required when called:    2
 This function calls:
		Nothing
 This function is called by:
		_MSSP_I2C_Init
 This function uses a non-reentrant model


 *************** function _I2C_Pin_Configurations *****************
 Defined at:
		line 339 in file "MCAL/I2C/mcal_i2c.c"
 Parameters:    Size  Location     Type
		None
 Auto vars:     Size  Location     Type
		None
 Return value:  Size  Location     Type
                  1    wreg      void 
 Registers used:
		None
 Tracked objects:
		On entry : 
		On exit  : 
		Unchanged: 
 Data sizes:     COMRAM   BANK0   BANK1   BANK2   BANK3   BANK4   BANK5   BANK6   BANK7   BANK8   BANK9  BANK10  BANK11  BANK12  BANK13  BANK14  BANK15
      Params:         0       0       0       0       0       0       0       0       0       0       0       0       0       0       0       0       0
      Locals:         0       0       0       0       0       0       0       0       0       0       0       0       0       0       0       0       0
      Temps:          0       0       0       0       0       0       0       0       0       0       0       0       0       0       0       0       0
      Totals:         0       0       0       0       0       0       0       0       0       0       0       0       0       0       0       0       0
Total ram usage:        0 bytes
 Hardware stack levels used:    1
 Hardware stack levels required when called:    2
 This function calls:
		Nothing
 This function is called by:
		_MSSP_I2C_Init
 This function uses a non-reentrant model


 *************** function _I2C_Master_Mode_Clock_Configurations *****************
 Defined at:
		line 310 in file "MCAL/I2C/mcal_i2c.c"
 Parameters:    Size  Location     Type
  i2c_obj         2   67[COMRAM] PTR const struct .
		 -> i2c_obj(13), 
 Auto vars:     Size  Location     Type
  ERRORSTATUS     1    0        unsigned char 
 Return value:  Size  Location     Type
                  1    wreg      void 
 Registers used:
		wreg, fsr2l, fsr2h, status,2, status,0, cstack
 Tracked objects:
		On entry : 
		On exit  : 
		Unchanged: 
 Data sizes:     COMRAM   BANK0   BANK1   BANK2   BANK3   BANK4   BANK5   BANK6   BANK7   BANK8   BANK9  BANK10  BANK11  BANK12  BANK13  BANK14  BANK15
      Params:         2       0       0       0       0       0       0       0       0       0       0       0       0       0       0       0       0
      Locals:         1       0       0       0       0       0       0       0       0       0       0       0       0       0       0       0       0
      Temps:          1       0       0       0       0       0       0       0       0       0       0       0       0       0       0       0       0
      Totals:         4       0       0       0       0       0       0       0       0       0       0       0       0       0       0       0       0
Total ram usage:        4 bytes
 Hardware stack levels used:    1
 Hardware stack levels required when called:    3
 This function calls:
		___fladd
		___fldiv
		___fltol
		___xxtofl
 This function is called by:
		_MSSP_I2C_Init
 This function uses a non-reentrant model


 *************** function ___fldiv *****************
 Defined at:
		line 11 in file "C:\Program Files\Microchip\xc8\v2.30\pic\sources\c99\common\sprcdiv.c"
 Parameters:    Size  Location     Type
  b               4   16[COMRAM] void 
  a               4   20[COMRAM] void 
 Auto vars:     Size  Location     Type
  grs             4   35[COMRAM] unsigned long 
  rem             4   28[COMRAM] unsigned long 
  new_exp         2   33[COMRAM] short 
  aexp            1   40[COMRAM] unsigned char 
  bexp            1   39[COMRAM] unsigned char 
  sign            1   32[COMRAM] unsigned char 
 Return value:  Size  Location     Type
                  4   16[COMRAM] unsigned char 
 Registers used:
		wreg, status,2, status,0
 Tracked objects:
		On entry : 
		On exit  : 
		Unchanged: 
 Data sizes:     COMRAM   BANK0   BANK1   BANK2   BANK3   BANK4   BANK5   BANK6   BANK7   BANK8   BANK9  BANK10  BANK11  BANK12  BANK13  BANK14  BANK15
      Params:         8       0       0       0       0       0       0       0       0       0       0       0       0       0       0       0       0
      Locals:        13       0       0       0       0       0       0       0       0       0       0       0       0       0       0       0       0
      Temps:          4       0       0       0       0       0       0       0       0       0       0       0       0       0       0       0       0
      Totals:        25       0       0       0       0       0       0       0       0       0       0       0       0       0       0       0       0
Total ram usage:       25 bytes
 Hardware stack levels used:    1
 Hardware stack levels required when called:    2
 This function calls:
		Nothing
 This function is called by:
		_I2C_Master_Mode_Clock_Configurations
		_EUSART_Baud_Rate_Calculation
 This function uses a non-reentrant model


 *************** function _I2C_Interrupt_configuration *****************
 Defined at:
		line 346 in file "MCAL/I2C/mcal_i2c.c"
 Parameters:    Size  Location     Type
  i2c_obj         2    2[COMRAM] PTR const struct .
		 -> i2c_obj(13), 
 Auto vars:     Size  Location     Type
		None
 Return value:  Size  Location     Type
                  1    wreg      void 
 Registers used:
		wreg, fsr2l, fsr2h, status,2, status,0
 Tracked objects:
		On entry : 
		On exit  : 
		Unchanged: 
 Data sizes:     COMRAM   BANK0   BANK1   BANK2   BANK3   BANK4   BANK5   BANK6   BANK7   BANK8   BANK9  BANK10  BANK11  BANK12  BANK13  BANK14  BANK15
      Params:         2       0       0       0       0       0       0       0       0       0       0       0       0       0       0       0       0
      Locals:         0       0       0       0       0       0       0       0       0       0       0       0       0       0       0       0       0
      Temps:          0       0       0       0       0       0       0       0       0       0       0       0       0       0       0       0       0
      Totals:         2       0       0       0       0       0       0       0       0       0       0       0       0       0       0       0       0
Total ram usage:        2 bytes
 Hardware stack levels used:    1
 Hardware stack levels required when called:    2
 This function calls:
		Nothing
 This function is called by:
		_MSSP_I2C_Init
 This function uses a non-reentrant model


 *************** function _Servo_SetAngle *****************
 Defined at:
		line 30 in file "ECU/SERVO_MOTOR_I2C/ecu_servo_motor_i2c.c"
 Parameters:    Size  Location     Type
  i2c_obj         2   67[COMRAM] PTR const struct .
		 -> i2c_obj(13), 
  servo_driver    2   69[COMRAM] PTR const struct .
		 -> s1_obj(4), 
  servo_no        1   71[COMRAM] const enum E3074
  angle           1   72[COMRAM] const unsigned char 
 Auto vars:     Size  Location     Type
  angle_in_reg    2   74[COMRAM] unsigned short 
  reg_addrees     1   76[COMRAM] unsigned char 
  ERRORSTATUS     1    0        unsigned char 
 Return value:  Size  Location     Type
                  1    wreg      unsigned char 
 Registers used:
		wreg, fsr2l, fsr2h, status,2, status,0, prodl, prodh, cstack
 Tracked objects:
		On entry : 
		On exit  : 
		Unchanged: 
 Data sizes:     COMRAM   BANK0   BANK1   BANK2   BANK3   BANK4   BANK5   BANK6   BANK7   BANK8   BANK9  BANK10  BANK11  BANK12  BANK13  BANK14  BANK15
      Params:         6       0       0       0       0       0       0       0       0       0       0       0       0       0       0       0       0
      Locals:         4       0       0       0       0       0       0       0       0       0       0       0       0       0       0       0       0
      Temps:          0       0       0       0       0       0       0       0       0       0       0       0       0       0       0       0       0
      Totals:        10       0       0       0       0       0       0       0       0       0       0       0       0       0       0       0       0
Total ram usage:       10 bytes
 Hardware stack levels used:    1
 Hardware stack levels required when called:    4
 This function calls:
		_PCA_Write_Reg
		___fladd
		___flmul
		___fltol
		___xxtofl
 This function is called by:
		_main
 This function uses a non-reentrant model


 *************** function ___xxtofl *****************
 Defined at:
		line 10 in file "C:\Program Files\Microchip\xc8\v2.30\pic\sources\c99\common\xxtofl.c"
 Parameters:    Size  Location     Type
  sign            1    wreg     unsigned char 
  val             4    2[COMRAM] long 
 Auto vars:     Size  Location     Type
  sign            1   10[COMRAM] unsigned char 
  arg             4   12[COMRAM] unsigned long 
  exp             1   11[COMRAM] unsigned char 
 Return value:  Size  Location     Type
                  4    2[COMRAM] unsigned char 
 Registers used:
		wreg, status,2, status,0
 Tracked objects:
		On entry : 
		On exit  : 
		Unchanged: 
 Data sizes:     COMRAM   BANK0   BANK1   BANK2   BANK3   BANK4   BANK5   BANK6   BANK7   BANK8   BANK9  BANK10  BANK11  BANK12  BANK13  BANK14  BANK15
      Params:         4       0       0       0       0       0       0       0       0       0       0       0       0       0       0       0       0
      Locals:         6       0       0       0       0       0       0       0       0       0       0       0       0       0       0       0       0
      Temps:          4       0       0       0       0       0       0       0       0       0       0       0       0       0       0       0       0
      Totals:        14       0       0       0       0       0       0       0       0       0       0       0       0       0       0       0       0
Total ram usage:       14 bytes
 Hardware stack levels used:    1
 Hardware stack levels required when called:    2
 This function calls:
		Nothing
 This function is called by:
		_Servo_SetAngle
		_I2C_Master_Mode_Clock_Configurations
		_EUSART_Baud_Rate_Calculation
 This function uses a non-reentrant model


 *************** function ___fltol *****************
 Defined at:
		line 43 in file "C:\Program Files\Microchip\xc8\v2.30\pic\sources\c99\common\fltol.c"
 Parameters:    Size  Location     Type
  f1              4   57[COMRAM] unsigned char 
 Auto vars:     Size  Location     Type
  exp1            1   66[COMRAM] unsigned char 
  sign1           1   65[COMRAM] unsigned char 
 Return value:  Size  Location     Type
                  4   57[COMRAM] long 
 Registers used:
		wreg, status,2, status,0
 Tracked objects:
		On entry : 
		On exit  : 
		Unchanged: 
 Data sizes:     COMRAM   BANK0   BANK1   BANK2   BANK3   BANK4   BANK5   BANK6   BANK7   BANK8   BANK9  BANK10  BANK11  BANK12  BANK13  BANK14  BANK15
      Params:         4       0       0       0       0       0       0       0       0       0       0       0       0       0       0       0       0
      Locals:         2       0       0       0       0       0       0       0       0       0       0       0       0       0       0       0       0
      Temps:          4       0       0       0       0       0       0       0       0       0       0       0       0       0       0       0       0
      Totals:        10       0       0       0       0       0       0       0       0       0       0       0       0       0       0       0       0
Total ram usage:       10 bytes
 Hardware stack levels used:    1
 Hardware stack levels required when called:    2
 This function calls:
		Nothing
 This function is called by:
		_Servo_SetAngle
		_I2C_Master_Mode_Clock_Configurations
		_EUSART_Baud_Rate_Calculation
 This function uses a non-reentrant model


 *************** function ___flmul *****************
 Defined at:
		line 8 in file "C:\Program Files\Microchip\xc8\v2.30\pic\sources\c99\common\sprcmul.c"
 Parameters:    Size  Location     Type
  b               4   16[COMRAM] long 
  a               4   20[COMRAM] long 
 Auto vars:     Size  Location     Type
  prod            4   35[COMRAM] struct .
  grs             4   30[COMRAM] unsigned long 
  temp            2   39[COMRAM] struct .
  bexp            1   34[COMRAM] unsigned char 
  aexp            1   29[COMRAM] unsigned char 
  sign            1   28[COMRAM] unsigned char 
 Return value:  Size  Location     Type
                  4   16[COMRAM] unsigned char 
 Registers used:
		wreg, status,2, status,0, prodl, prodh
 Tracked objects:
		On entry : 
		On exit  : 
		Unchanged: 
 Data sizes:     COMRAM   BANK0   BANK1   BANK2   BANK3   BANK4   BANK5   BANK6   BANK7   BANK8   BANK9  BANK10  BANK11  BANK12  BANK13  BANK14  BANK15
      Params:         8       0       0       0       0       0       0       0       0       0       0       0       0       0       0       0       0
      Locals:        13       0       0       0       0       0       0       0       0       0       0       0       0       0       0       0       0
      Temps:          4       0       0       0       0       0       0       0       0       0       0       0       0       0       0       0       0
      Totals:        25       0       0       0       0       0       0       0       0       0       0       0       0       0       0       0       0
Total ram usage:       25 bytes
 Hardware stack levels used:    1
 Hardware stack levels required when called:    2
 This function calls:
		Nothing
 This function is called by:
		_Servo_SetAngle
 This function uses a non-reentrant model


 *************** function ___fladd *****************
 Defined at:
		line 10 in file "C:\Program Files\Microchip\xc8\v2.30\pic\sources\c99\common\sprcadd.c"
 Parameters:    Size  Location     Type
  b               4   41[COMRAM] unsigned char 
  a               4   45[COMRAM] unsigned char 
 Auto vars:     Size  Location     Type
  grs             1   56[COMRAM] unsigned char 
  bexp            1   55[COMRAM] unsigned char 
  aexp            1   54[COMRAM] unsigned char 
  signs           1   53[COMRAM] unsigned char 
 Return value:  Size  Location     Type
                  4   41[COMRAM] unsigned char 
 Registers used:
		wreg, status,2, status,0
 Tracked objects:
		On entry : 
		On exit  : 
		Unchanged: 
 Data sizes:     COMRAM   BANK0   BANK1   BANK2   BANK3   BANK4   BANK5   BANK6   BANK7   BANK8   BANK9  BANK10  BANK11  BANK12  BANK13  BANK14  BANK15
      Params:         8       0       0       0       0       0       0       0       0       0       0       0       0       0       0       0       0
      Locals:         4       0       0       0       0       0       0       0       0       0       0       0       0       0       0       0       0
      Temps:          4       0       0       0       0       0       0       0       0       0       0       0       0       0       0       0       0
      Totals:        16       0       0       0       0       0       0       0       0       0       0       0       0       0       0       0       0
Total ram usage:       16 bytes
 Hardware stack levels used:    1
 Hardware stack levels required when called:    2
 This function calls:
		Nothing
 This function is called by:
		_Servo_SetAngle
		_I2C_Master_Mode_Clock_Configurations
		_EUSART_Baud_Rate_Calculation
 This function uses a non-reentrant model


 *************** function _PCA_Write_Reg *****************
 Defined at:
		line 52 in file "ECU/SERVO_MOTOR_I2C/ecu_servo_motor_i2c.c"
 Parameters:    Size  Location     Type
  i2c_obj         2    8[COMRAM] PTR const struct .
		 -> i2c_obj(13), 
  slave_addres    1   10[COMRAM] unsigned char 
  reg_address     1   11[COMRAM] unsigned char 
  data            1   12[COMRAM] unsigned char 
 Auto vars:     Size  Location     Type
  ack             1   13[COMRAM] unsigned char 
 Return value:  Size  Location     Type
                  1    wreg      void 
 Registers used:
		wreg, fsr2l, fsr2h, status,2, status,0, cstack
 Tracked objects:
		On entry : 
		On exit  : 
		Unchanged: 
 Data sizes:     COMRAM   BANK0   BANK1   BANK2   BANK3   BANK4   BANK5   BANK6   BANK7   BANK8   BANK9  BANK10  BANK11  BANK12  BANK13  BANK14  BANK15
      Params:         5       0       0       0       0       0       0       0       0       0       0       0       0       0       0       0       0
      Locals:         1       0       0       0       0       0       0       0       0       0       0       0       0       0       0       0       0
      Temps:          0       0       0       0       0       0       0       0       0       0       0       0       0       0       0       0       0
      Totals:         6       0       0       0       0       0       0       0       0       0       0       0       0       0       0       0       0
Total ram usage:        6 bytes
 Hardware stack levels used:    1
 Hardware stack levels required when called:    3
 This function calls:
		_MSSP_I2C_Master_Send_Start
		_MSSP_I2C_Master_Send_Stop
		_MSSP_I2C_Master_Write_Blocking
 This function is called by:
		_ServoDriver_Init
		_Servo_SetAngle
 This function uses a non-reentrant model


 *************** function _MSSP_I2C_Master_Write_Blocking *****************
 Defined at:
		line 196 in file "MCAL/I2C/mcal_i2c.c"
 Parameters:    Size  Location     Type
  i2c_obj         2    2[COMRAM] PTR const struct .
		 -> i2c_obj(13), 
  i2c_data        1    4[COMRAM] unsigned char 
  _ack            2    5[COMRAM] PTR unsigned char 
		 -> ack(1), PCA_Write_Reg@ack(1), 
 Auto vars:     Size  Location     Type
  ERRORSTATUS     1    0        unsigned char 
 Return value:  Size  Location     Type
                  1    wreg      unsigned char 
 Registers used:
		wreg, fsr2l, fsr2h, status,2, status,0
 Tracked objects:
		On entry : 
		On exit  : 
		Unchanged: 
 Data sizes:     COMRAM   BANK0   BANK1   BANK2   BANK3   BANK4   BANK5   BANK6   BANK7   BANK8   BANK9  BANK10  BANK11  BANK12  BANK13  BANK14  BANK15
[...]
 Defined at:
		line 661 in file "MCAL/INTERRUPT/mcal_external_interrupt.c"
 Parameters:    Size  Location     Type
  RB6_source      1    wreg     unsigned char 
 Auto vars:     Size  Location     Type
  RB6_source      1    0[COMRAM] unsigned char 
 Return value:  Size  Location     Type
                  1    wreg      void 
 Registers used:
		wreg, status,2, status,0
 Tracked objects:
		On entry : 
		On exit  : 
		Unchanged: 
 Data sizes:     COMRAM   BANK0   BANK1   BANK2   BANK3   BANK4   BANK5   BANK6   BANK7   BANK8   BANK9  BANK10  BANK11  BANK12  BANK13  BANK14  BANK15
      Params:         0       0       0       0       0       0       0       0       0       0       0       0       0       0       0       0       0
      Locals:         1       0       0       0       0       0       0       0       0       0       0       0       0       0       0       0       0
      Temps:          0       0       0       0       0       0       0       0       0       0       0       0       0       0       0       0       0
      Totals:         1       0       0       0       0       0       0       0       0       0       0       0       0       0       0       0       0
Total ram usage:        1 bytes
 Hardware stack levels used:    1
 This function calls:
		Nothing
 This function is called by:
		_Interrupt_Manager
 This function uses a non-reentrant model


 *************** function _RB5_ISR *****************
 Defined at:
		line 647 in file "MCAL/INTERRUPT/mcal_external_interrupt.c"
 Parameters:    Size  Location     Type
  RB5_source      1    wreg     unsigned char 
 Auto vars:     Size  Location     Type
  RB5_source      1    0[COMRAM] unsigned char 
 Return value:  Size  Location     Type
                  1    wreg      void 
 Registers used:
		wreg, status,2, status,0
 Tracked objects:
		On entry : 
		On exit  : 
		Unchanged: 
 Data sizes:     COMRAM   BANK0   BANK1   BANK2   BANK3   BANK4   BANK5   BANK6   BANK7   BANK8   BANK9  BANK10  BANK11  BANK12  BANK13  BANK14  BANK15
      Params:         0       0       0       0       0       0       0       0       0       0       0       0       0       0       0       0       0
      Locals:         1       0       0       0       0       0       0       0       0       0       0       0       0       0       0       0       0
      Temps:          0       0       0       0       0       0       0       0       0       0       0       0       0       0       0       0       0
      Totals:         1       0       0       0       0       0       0       0       0       0       0       0       0       0       0       0       0
Total ram usage:        1 bytes
 Hardware stack levels used:    1
 This function calls:
		Nothing
 This function is called by:
		_Interrupt_Manager
 This function uses a non-reentrant model


 *************** function _RB4_ISR *****************
 Defined at:
		line 633 in file "MCAL/INTERRUPT/mcal_external_interrupt.c"
 Parameters:    Size  Location     Type
  RB4_source      1    wreg     unsigned char 
 Auto vars:     Size  Location     Type
  RB4_source      1    0[COMRAM] unsigned char 
 Return value:  Size  Location     Type
                  1    wreg      void 
 Registers used:
		wreg, status,2, status,0
 Tracked objects:
		On entry : 
		On exit  : 
		Unchanged: 
 Data sizes:     COMRAM   BANK0   BANK1   BANK2   BANK3   BANK4   BANK5   BANK6   BANK7   BANK8   BANK9  BANK10  BANK11  BANK12  BANK13  BANK14  BANK15
      Params:         0       0       0       0       0       0       0       0       0       0       0       0       0       0       0       0       0
      Locals:         1       0       0       0       0       0       0       0       0       0       0       0       0       0       0       0       0
      Temps:          0       0       0       0       0       0       0       0       0       0       0       0       0       0       0       0       0
      Totals:         1       0       0       0       0       0       0       0       0       0       0       0       0       0       0       0       0
Total ram usage:        1 bytes
 Hardware stack levels used:    1
 This function calls:
		Nothing
 This function is called by:
		_Interrupt_Manager
 This function uses a non-reentrant model


 *************** function _INT2_ISR *****************
 Defined at:
		line 433 in file "MCAL/INTERRUPT/mcal_external_interrupt.c"
 Parameters:    Size  Location     Type
		None
 Auto vars:     Size  Location     Type
		None
 Return value:  Size  Location     Type
                  1    wreg      void 
 Registers used:
		None
 Tracked objects:
		On entry : 
		On exit  : 
		Unchanged: 
 Data sizes:     COMRAM   BANK0   BANK1   BANK2   BANK3   BANK4   BANK5   BANK6   BANK7   BANK8   BANK9  BANK10  BANK11  BANK12  BANK13  BANK14  BANK15
      Params:         0       0       0       0       0       0       0       0       0       0       0       0       0       0       0       0       0
      Locals:         0       0       0       0       0       0       0       0       0       0       0       0       0       0       0       0       0
      Temps:          0       0       0       0       0       0       0       0       0       0       0       0       0       0       0       0       0
      Totals:         0       0       0       0       0       0       0       0       0       0       0       0       0       0       0       0       0
Total ram usage:        0 bytes
 Hardware stack levels used:    1
 This function calls:
		Nothing
 This function is called by:
		_Interrupt_Manager
 This function uses a non-reentrant model


 *************** function _INT1_ISR *****************
 Defined at:
		line 426 in file "MCAL/INTERRUPT/mcal_external_interrupt.c"
 Parameters:    Size  Location     Type
		None
 Auto vars:     Size  Location     Type
		None
 Return value:  Size  Location     Type
                  1    wreg      void 
 Registers used:
		None
 Tracked objects:
		On entry : 
		On exit  : 
		Unchanged: 
 Data sizes:     COMRAM   BANK0   BANK1   BANK2   BANK3   BANK4   BANK5   BANK6   BANK7   BANK8   BANK9  BANK10  BANK11  BANK12  BANK13  BANK14  BANK15
      Params:         0       0       0       0       0       0       0       0       0       0       0       0       0       0       0       0       0
      Locals:         0       0       0       0       0       0       0       0       0       0       0       0       0       0       0       0       0
      Temps:          0       0       0       0       0       0       0       0       0       0       0       0       0       0       0       0       0
      Totals:         0       0       0       0       0       0       0       0       0       0       0       0       0       0       0       0       0
Total ram usage:        0 bytes
 Hardware stack levels used:    1
 This function calls:
		Nothing
 This function is called by:
		_Interrupt_Manager
 This function uses a non-reentrant model


 *************** function _INT0_ISR *****************
 Defined at:
		line 420 in file "MCAL/INTERRUPT/mcal_external_interrupt.c"
 Parameters:    Size  Location     Type
		None
 Auto vars:     Size  Location     Type
		None
 Return value:  Size  Location     Type
                  1    wreg      void 
 Registers used:
		None
 Tracked objects:
		On entry : 
		On exit  : 
		Unchanged: 
 Data sizes:     COMRAM   BANK0   BANK1   BANK2   BANK3   BANK4   BANK5   BANK6   BANK7   BANK8   BANK9  BANK10  BANK11  BANK12  BANK13  BANK14  BANK15
      Params:         0       0       0       0       0       0       0       0       0       0       0       0       0       0       0       0       0
      Locals:         0       0       0       0       0       0       0       0       0       0       0       0       0       0       0       0       0
      Temps:          0       0       0       0       0       0       0       0       0       0       0       0       0       0       0       0       0
      Totals:         0       0       0       0       0       0       0       0       0       0       0       0       0       0       0       0       0
Total ram usage:        0 bytes
 Hardware stack levels used:    1
 This function calls:
		Nothing
 This function is called by:
		_Interrupt_Manager
 This function uses a non-reentrant model


 *************** function _I2C_ISR *****************
 Defined at:
		line 288 in file "MCAL/I2C/mcal_i2c.c"
 Parameters:    Size  Location     Type
		None
 Auto vars:     Size  Location     Type
		None
 Return value:  Size  Location     Type
                  1    wreg      void 
 Registers used:
		None
 Tracked objects:
		On entry : 
		On exit  : 
		Unchanged: 
 Data sizes:     COMRAM   BANK0   BANK1   BANK2   BANK3   BANK4   BANK5   BANK6   BANK7   BANK8   BANK9  BANK10  BANK11  BANK12  BANK13  BANK14  BANK15
      Params:         0       0       0       0       0       0       0       0       0       0       0       0       0       0       0       0       0
      Locals:         0       0       0       0       0       0       0       0       0       0       0       0       0       0       0       0       0
      Temps:          0       0       0       0       0       0       0       0       0       0       0       0       0       0       0       0       0
      Totals:         0       0       0       0       0       0       0       0       0       0       0       0       0       0       0       0       0
Total ram usage:        0 bytes
 Hardware stack levels used:    1
 This function calls:
		Nothing
 This function is called by:
		_Interrupt_Manager
 This function uses a non-reentrant model


 *************** function _I2C_BC_ISR *****************
 Defined at:
		line 300 in file "MCAL/I2C/mcal_i2c.c"
 Parameters:    Size  Location     Type
		None
 Auto vars:     Size  Location     Type
		None
 Return value:  Size  Location     Type
                  1    wreg      void 
 Registers used:
		None
 Tracked objects:
		On entry : 
		On exit  : 
		Unchanged: 
 Data sizes:     COMRAM   BANK0   BANK1   BANK2   BANK3   BANK4   BANK5   BANK6   BANK7   BANK8   BANK9  BANK10  BANK11  BANK12  BANK13  BANK14  BANK15
      Params:         0       0       0       0       0       0       0       0       0       0       0       0       0       0       0       0       0
      Locals:         0       0       0       0       0       0       0       0       0       0       0       0       0       0       0       0       0
      Temps:          0       0       0       0       0       0       0       0       0       0       0       0       0       0       0       0       0
      Totals:         0       0       0       0       0       0       0       0       0       0       0       0       0       0       0       0       0
Total ram usage:        0 bytes
 Hardware stack levels used:    1
 This function calls:
		Nothing
 This function is called by:
		_Interrupt_Manager
 This function uses a non-reentrant model


 *************** function _EUSART_TX_ISR *****************
 Defined at:
		line 349 in file "MCAL/USART/mcal_usart.c"
 Parameters:    Size  Location     Type
		None
 Auto vars:     Size  Location     Type
		None
 Return value:  Size  Location     Type
                  1    wreg      void 
 Registers used:
		None
 Tracked objects:
		On entry : 
		On exit  : 
		Unchanged: 
 Data sizes:     COMRAM   BANK0   BANK1   BANK2   BANK3   BANK4   BANK5   BANK6   BANK7   BANK8   BANK9  BANK10  BANK11  BANK12  BANK13  BANK14  BANK15
      Params:         0       0       0       0       0       0       0       0       0       0       0       0       0       0       0       0       0
      Locals:         0       0       0       0       0       0       0       0       0       0       0       0       0       0       0       0       0
      Temps:          0       0       0       0       0       0       0       0       0       0       0       0       0       0       0       0       0
      Totals:         0       0       0       0       0       0       0       0       0       0       0       0       0       0       0       0       0
Total ram usage:        0 bytes
 Hardware stack levels used:    1
 This function calls:
		Nothing
 This function is called by:
		_Interrupt_Manager
 This function uses a non-reentrant model


 *************** function _EUSART_RX_ISR *****************
 Defined at:
		line 358 in file "MCAL/USART/mcal_usart.c"
 Parameters:    Size  Location     Type
		None
 Auto vars:     Size  Location     Type
  temp_read       2    0        unsigned short 
 Return value:  Size  Location     Type
                  1    wreg      void 
 Registers used:
		wreg, status,2, status,0
 Tracked objects:
		On entry : 
		On exit  : 
		Unchanged: 
 Data sizes:     COMRAM   BANK0   BANK1   BANK2   BANK3   BANK4   BANK5   BANK6   BANK7   BANK8   BANK9  BANK10  BANK11  BANK12  BANK13  BANK14  BANK15
      Params:         0       0       0       0       0       0       0       0       0       0       0       0       0       0       0       0       0
      Locals:         2       0       0       0       0       0       0       0       0       0       0       0       0       0       0       0       0
      Temps:          0       0       0       0       0       0       0       0       0       0       0       0       0       0       0       0       0
      Totals:         2       0       0       0       0       0       0       0       0       0       0       0       0       0       0       0       0
Total ram usage:        2 bytes
 Hardware stack levels used:    1
 This function calls:
		Nothing
 This function is called by:
		_Interrupt_Manager
 This function uses a non-reentrant model


 *************** function _CCP1_ISR *****************
 Defined at:
		line 238 in file "MCAL/CCP1/mcal_ccp1.c"
 Parameters:    Size  Location     Type
		None
 Auto vars:     Size  Location     Type
		None
 Return value:  Size  Location     Type
                  1    wreg      void 
 Registers used:
		None
 Tracked objects:
		On entry : 
		On exit  : 
		Unchanged: 
 Data sizes:     COMRAM   BANK0   BANK1   BANK2   BANK3   BANK4   BANK5   BANK6   BANK7   BANK8   BANK9  BANK10  BANK11  BANK12  BANK13  BANK14  BANK15
      Params:         0       0       0       0       0       0       0       0       0       0       0       0       0       0       0       0       0
      Locals:         0       0       0       0       0       0       0       0       0       0       0       0       0       0       0       0       0
      Temps:          0       0       0       0       0       0       0       0       0       0       0       0       0       0       0       0       0
      Totals:         0       0       0       0       0       0       0       0       0       0       0       0       0       0       0       0       0
Total ram usage:        0 bytes
 Hardware stack levels used:    1
 This function calls:
		Nothing
 This function is called by:
		_Interrupt_Manager
 This function uses a non-reentrant model


 *************** function _ADC_ISR *****************
 Defined at:
		line 325 in file "MCAL/ADC/mcal_adc.c"
 Parameters:    Size  Location     Type
		None
 Auto vars:     Size  Location     Type
		None
 Return value:  Size  Location     Type
                  1    wreg      void 
 Registers used:
		None
 Tracked objects:
		On entry : 
		On exit  : 
		Unchanged: 
 Data sizes:     COMRAM   BANK0   BANK1   BANK2   BANK3   BANK4   BANK5   BANK6   BANK7   BANK8   BANK9  BANK10  BANK11  BANK12  BANK13  BANK14  BANK15
      Params:         0       0       0       0       0       0       0       0       0       0       0       0       0       0       0       0       0
      Locals:         0       0       0       0       0       0       0       0       0       0       0       0       0       0       0       0       0
      Temps:          0       0       0       0       0       0       0       0       0       0       0       0       0       0       0       0       0
      Totals:         0       0       0       0       0       0       0       0       0       0       0       0       0       0       0       0       0
Total ram usage:        0 bytes
 Hardware stack levels used:    1
 This function calls:
		Nothing
 This function is called by:
		_Interrupt_Manager
 This function uses a non-reentrant model



MODULE INFORMATION

Module		Function		Class		Link	Load	Size
C:\Program Files\Microchip\xc8\v2.30\pic\sources\c99\common\sprcmul.c
		___flmul       		CODE           	14C6	0000	1066

C:\Program Files\Microchip\xc8\v2.30\pic\sources\c99\common\sprcmul.c estimated size: 1066

MCAL/TIMER2/mcal_timer2.c
		_TMR2_ISR      		CODE           	2A2E	0000	8

MCAL/TIMER2/mcal_timer2.c estimated size: 8

MCAL/TIMER0/mcal_timer0.c
		_TMR0_ISR      		CODE           	2A22	0000	12

MCAL/TIMER0/mcal_timer0.c estimated size: 12

C:\Program Files\Microchip\xc8\v2.30\pic\sources\c99\common\sprcdiv.c
		___fldiv       		CODE           	1CB6	0000	922

C:\Program Files\Microchip\xc8\v2.30\pic\sources\c99\common\sprcdiv.c estimated size: 922

MCAL/I2C/mcal_i2c.c
		_MSSP_I2C_Init 		CODE           	2204	0000	326
		_MSSP_I2C_Master_Send_Stop		CODE           	28C2	0000	56
		_I2C_Interrupt_configuration		CODE           	2830	0000	82
		_MSSP_I2C_Master_Send_Start		CODE           	28FA	0000	56
		_I2C_Slave_Mode_Clock_Configurations		CODE           	2932	0000	50
		_I2C_ISR       		CODE           	2A4E	0000	4
		_I2C_Master_Mode_Clock_Configurations		CODE           	25E2	0000	176
		_MSSP_I2C_Master_Write_Blocking		CODE           	2700	0000	104
		_I2C_BC_ISR    		CODE           	2A52	0000	4
		_I2C_Pin_Configurations		CODE           	2A36	0000	6

MCAL/I2C/mcal_i2c.c estimated size: 864

ECU/SERVO_MOTOR_I2C/ecu_servo_motor_i2c.c
		_ServoDriver_Init		CODE           	2528	0000	186
		_Servo_SetAngle		CODE           	2450	0000	216
		_PCA_Write_Reg 		CODE           	2768	0000	102

ECU/SERVO_MOTOR_I2C/ecu_servo_motor_i2c.c estimated size: 504

MCAL/CCP1/mcal_ccp1.c
		_CCP1_ISR      		CODE           	2A5A	0000	4

MCAL/CCP1/mcal_ccp1.c estimated size: 4

MCAL/USART/mcal_usart.c
		_EUSART_RX_ISR 		CODE           	2986	0000	28
		_EUSART_TX_ISR 		CODE           	2A56	0000	4

MCAL/USART/mcal_usart.c estimated size: 32

MCAL/TIMER3/mcal_timer3.c
		_TMR3_ISR      		CODE           	2A0A	0000	12

MCAL/TIMER3/mcal_timer3.c estimated size: 12

C:\Program Files\Microchip\xc8\v2.30\pic\sources\c99\common\sprcadd.c
		___fladd       		CODE           	1006	0000	1216

C:\Program Files\Microchip\xc8\v2.30\pic\sources\c99\common\sprcadd.c estimated size: 1216

MCAL/INTERRUPT/mcal_external_interrupt.c
		_RB4_ISR       		CODE           	29F0	0000	26
		_RB5_ISR       		CODE           	29D6	0000	26
		_RB6_ISR       		CODE           	29BC	0000	26
		_RB7_ISR       		CODE           	29A2	0000	26
		_INT0_ISR      		CODE           	2A4A	0000	4
		_INT1_ISR      		CODE           	2A46	0000	4
		_INT2_ISR      		CODE           	2A42	0000	4

MCAL/INTERRUPT/mcal_external_interrupt.c estimated size: 116

C:\Program Files\Microchip\xc8\v2.30\pic\sources\c99\common\fltol.c
		___fltol       		CODE           	234A	0000	262

C:\Program Files\Microchip\xc8\v2.30\pic\sources\c99\common\fltol.c estimated size: 262

C:\Program Files\Microchip\xc8\v2.30\pic\sources\c99\common\xxtofl.c
		___xxtofl      		CODE           	2050	0000	436

C:\Program Files\Microchip\xc8\v2.30\pic\sources\c99\common\xxtofl.c estimated size: 436

MCAL/TIMER1/mcal_timer1.c
		_TMR1_ISR      		CODE           	2A16	0000	12

MCAL/TIMER1/mcal_timer1.c estimated size: 12

shared
		__initialization		CODE           	27CE	0000	88

shared estimated size: 88

application.c
		_main          		CODE           	2692	0000	110
		_application_intialize		CODE           	2964	0000	34

application.c estimated size: 144

MCAL/INTERRUPT/mcal_interrupt_manager.c
		_Interrupt_Manager		CODE           	0008	0000	972

MCAL/INTERRUPT/mcal_interrupt_manager.c estimated size: 972

MCAL/ADC/mcal_adc.c
		_ADC_ISR       		CODE           	2A5E	0000	4

MCAL/ADC/mcal_adc.c estimated size: 4

